// Vitest Snapshot v1, https://vitest.dev/guide/snapshot.html

exports[`<Post /> > should match snapshot 1`] = `undefined`;
